python : [2025-12-25 
10:47:07,376] ERROR 
in app: Exception on 
/dashboard [GET]
At line:1 char:1
+ python tests/test_c
r_implementation.py 
> test_output.txt 
2>&1
+ ~~~~~~~~~~~~~~~~~~~
~~~~~~~~~~~~~~~~~~~~~
~~~~~~~~~~~~~~~~~~~~~
    + CategoryInfo   
           : NotSpe  
  cified: ([2025-1   
 2-25 10:...dashb    
oard [GET]:Strin    
g) [], RemoteExc    
eption
    + FullyQualified 
   ErrorId : Native  
  CommandError
 
Traceback (most 
recent call last):
  File "C:\Users\heno
k\AppData\Local\Progr
ams\Python\Python312\
Lib\site-packages\fla
sk\app.py", line 
1511, in wsgi_app
    response = self.f
ull_dispatch_request(
)
               ^^^^^^
^^^^^^^^^^^^^^^^^^^^^
^
  File "C:\Users\heno
k\AppData\Local\Progr
ams\Python\Python312\
Lib\site-packages\fla
sk\app.py", line 
919, in 
full_dispatch_request
    rv = self.handle_
user_exception(e)
         ^^^^^^^^^^^^
^^^^^^^^^^^^^^^^^
  File "C:\Users\heno
k\AppData\Local\Progr
ams\Python\Python312\
Lib\site-packages\fla
sk\app.py", line 
917, in 
full_dispatch_request
    rv = self.dispatc
h_request()
         ^^^^^^^^^^^^
^^^^^^^^^^^
  File "C:\Users\heno
k\AppData\Local\Progr
ams\Python\Python312\
Lib\site-packages\fla
sk\app.py", line 
902, in 
dispatch_request
    return self.ensur
e_sync(self.view_func
tions[rule.endpoint])
(**view_args)  # 
type: 
ignore[no-any-return]
           ^^^^^^^^^^
^^^^^^^^^^^^^^^^^^^^^
^^^^^^^^^^^^^^^^^^^^^
^^^^^^^^^^^^^
  File "C:\Users\heno
k\OneDrive\Desktop\In
ventoty 
Tracker\src\app.py", 
line 102, in 
dashboard
    return render_tem
plate('dashboard.html
',
          ^^^^^^^^^^^
^^^^^^^^^^^^^^^^^^^^^
^
  File "C:\Users\heno
k\AppData\Local\Progr
ams\Python\Python312\
Lib\site-packages\fla
sk\templating.py", 
line 150, in 
render_template
    return 
_render(app, 
template, context)
           ^^^^^^^^^^
^^^^^^^^^^^^^^^^^^^^^
  File "C:\Users\heno
k\AppData\Local\Progr
ams\Python\Python312\
Lib\site-packages\fla
sk\templating.py", 
line 131, in _render
    rv = template.ren
der(context)
         ^^^^^^^^^^^^
^^^^^^^^^^^^
  File "C:\Users\heno
k\AppData\Local\Progr
ams\Python\Python312\
Lib\site-packages\jin
ja2\environment.py", 
line 1295, in render
    self.environment.
handle_exception()
  File "C:\Users\heno
k\AppData\Local\Progr
ams\Python\Python312\
Lib\site-packages\jin
ja2\environment.py", 
line 942, in 
handle_exception
    raise rewrite_tra
ceback_stack(source=s
ource)
  File "C:\Users\heno
k\OneDrive\Desktop\In
ventoty Tracker\src\t
emplates\dashboard.ht
ml", line 194, in 
top-level template 
code
    document.getEleme
ntById('editForm').ac
tion = "{{ 
url_for('edit_item', 
item_id='DUMMY') 
}}".replace('DUMMY', 
id);
    ^^^^^^^^^^^^^^^^^
^^^^^^^^
  File "C:\Users\heno
k\AppData\Local\Progr
ams\Python\Python312\
Lib\site-packages\fla
sk\app.py", line 
1110, in url_for
    rv = 
url_adapter.build(  
# type: 
ignore[union-attr]
         ^^^^^^^^^^^^
^^^^^^^^^^^^^^^^^^^^^
^^^^^^^^^^^^^
  File "C:\Users\heno
k\AppData\Local\Progr
ams\Python\Python312\
Lib\site-packages\wer
kzeug\routing\map.py"
, line 922, in build
    rv = self._partia
l_build(endpoint, 
values, method, 
append_unknown)
         ^^^^^^^^^^^^
^^^^^^^^^^^^^^^^^^^^^
^^^^^^^^^^^^^^^^^^^^^
^^^^^^^
  File "C:\Users\heno
k\AppData\Local\Progr
ams\Python\Python312\
Lib\site-packages\wer
kzeug\routing\map.py"
, line 814, in 
_partial_build
    build_rv = 
rule.build(values, 
append_unknown)
               ^^^^^^
^^^^^^^^^^^^^^^^^^^^^
^^^^^^^
  File "C:\Users\heno
k\AppData\Local\Progr
ams\Python\Python312\
Lib\site-packages\wer
kzeug\routing\rules.p
y", line 850, in 
build
    return self._buil
d_unknown(**values)
           ^^^^^^^^^^
^^^^^^^^^^^^^^^^^^^
  File "<werkzeug 
routing>", line 1, 
in <builder:'/edit/<i
nt:item_id>'>
  File "C:\Users\heno
k\AppData\Local\Progr
ams\Python\Python312\
Lib\site-packages\wer
kzeug\routing\convert
ers.py", line 163, 
in to_url
    value_str = str(s
elf.num_convert(value
))
                    ^
^^^^^^^^^^^^^^^^^^^^^
^
ValueError: invalid 
literal for int() 
with base 10: 'DUMMY'
[2025-12-25 
10:47:07,389] ERROR 
in app: Exception on 
/dashboard [GET]
Traceback (most 
recent call last):
  File "C:\Users\heno
k\AppData\Local\Progr
ams\Python\Python312\
Lib\site-packages\fla
sk\app.py", line 
1511, in wsgi_app
    response = self.f
ull_dispatch_request(
)
               ^^^^^^
^^^^^^^^^^^^^^^^^^^^^
^
  File "C:\Users\heno
k\AppData\Local\Progr
ams\Python\Python312\
Lib\site-packages\fla
sk\app.py", line 
919, in 
full_dispatch_request
    rv = self.handle_
user_exception(e)
         ^^^^^^^^^^^^
^^^^^^^^^^^^^^^^^
  File "C:\Users\heno
k\AppData\Local\Progr
ams\Python\Python312\
Lib\site-packages\fla
sk\app.py", line 
917, in 
full_dispatch_request
    rv = self.dispatc
h_request()
         ^^^^^^^^^^^^
^^^^^^^^^^^
  File "C:\Users\heno
k\AppData\Local\Progr
ams\Python\Python312\
Lib\site-packages\fla
sk\app.py", line 
902, in 
dispatch_request
    return self.ensur
e_sync(self.view_func
tions[rule.endpoint])
(**view_args)  # 
type: 
ignore[no-any-return]
           ^^^^^^^^^^
^^^^^^^^^^^^^^^^^^^^^
^^^^^^^^^^^^^^^^^^^^^
^^^^^^^^^^^^^
  File "C:\Users\heno
k\OneDrive\Desktop\In
ventoty 
Tracker\src\app.py", 
line 102, in 
dashboard
    return render_tem
plate('dashboard.html
',
          ^^^^^^^^^^^
^^^^^^^^^^^^^^^^^^^^^
^
  File "C:\Users\heno
k\AppData\Local\Progr
ams\Python\Python312\
Lib\site-packages\fla
sk\templating.py", 
line 150, in 
render_template
    return 
_render(app, 
template, context)
           ^^^^^^^^^^
^^^^^^^^^^^^^^^^^^^^^
  File "C:\Users\heno
k\AppData\Local\Progr
ams\Python\Python312\
Lib\site-packages\fla
sk\templating.py", 
line 131, in _render
    rv = template.ren
der(context)
         ^^^^^^^^^^^^
^^^^^^^^^^^^
  File "C:\Users\heno
k\AppData\Local\Progr
ams\Python\Python312\
Lib\site-packages\jin
ja2\environment.py", 
line 1295, in render
    self.environment.
handle_exception()
  File "C:\Users\heno
k\AppData\Local\Progr
ams\Python\Python312\
Lib\site-packages\jin
ja2\environment.py", 
line 942, in 
handle_exception
    raise rewrite_tra
ceback_stack(source=s
ource)
  File "C:\Users\heno
k\OneDrive\Desktop\In
ventoty Tracker\src\t
emplates\dashboard.ht
ml", line 194, in 
top-level template 
code
    document.getEleme
ntById('editForm').ac
tion = "{{ 
url_for('edit_item', 
item_id='DUMMY') 
}}".replace('DUMMY', 
id);
    ^^^^^^^^^^^^^^^^^
^^^^^^^^
  File "C:\Users\heno
k\AppData\Local\Progr
ams\Python\Python312\
Lib\site-packages\fla
sk\app.py", line 
1110, in url_for
    rv = 
url_adapter.build(  
# type: 
ignore[union-attr]
         ^^^^^^^^^^^^
^^^^^^^^^^^^^^^^^^^^^
^^^^^^^^^^^^^
  File "C:\Users\heno
k\AppData\Local\Progr
ams\Python\Python312\
Lib\site-packages\wer
kzeug\routing\map.py"
, line 922, in build
    rv = self._partia
l_build(endpoint, 
values, method, 
append_unknown)
         ^^^^^^^^^^^^
^^^^^^^^^^^^^^^^^^^^^
^^^^^^^^^^^^^^^^^^^^^
^^^^^^^
  File "C:\Users\heno
k\AppData\Local\Progr
ams\Python\Python312\
Lib\site-packages\wer
kzeug\routing\map.py"
, line 814, in 
_partial_build
    build_rv = 
rule.build(values, 
append_unknown)
               ^^^^^^
^^^^^^^^^^^^^^^^^^^^^
^^^^^^^
  File "C:\Users\heno
k\AppData\Local\Progr
ams\Python\Python312\
Lib\site-packages\wer
kzeug\routing\rules.p
y", line 850, in 
build
    return self._buil
d_unknown(**values)
           ^^^^^^^^^^
^^^^^^^^^^^^^^^^^^^
  File "<werkzeug 
routing>", line 1, 
in <builder:'/edit/<i
nt:item_id>'>
  File "C:\Users\heno
k\AppData\Local\Progr
ams\Python\Python312\
Lib\site-packages\wer
kzeug\routing\convert
ers.py", line 163, 
in to_url
    value_str = str(s
elf.num_convert(value
))
                    ^
^^^^^^^^^^^^^^^^^^^^^
^
ValueError: invalid 
literal for int() 
with base 10: 'DUMMY'
[2025-12-25 
10:47:07,398] ERROR 
in app: Exception on 
/dashboard [GET]
Traceback (most 
recent call last):
  File "C:\Users\heno
k\AppData\Local\Progr
ams\Python\Python312\
Lib\site-packages\fla
sk\app.py", line 
1511, in wsgi_app
    response = self.f
ull_dispatch_request(
)
               ^^^^^^
^^^^^^^^^^^^^^^^^^^^^
^
  File "C:\Users\heno
k\AppData\Local\Progr
ams\Python\Python312\
Lib\site-packages\fla
sk\app.py", line 
919, in 
full_dispatch_request
    rv = self.handle_
user_exception(e)
         ^^^^^^^^^^^^
^^^^^^^^^^^^^^^^^
  File "C:\Users\heno
k\AppData\Local\Progr
ams\Python\Python312\
Lib\site-packages\fla
sk\app.py", line 
917, in 
full_dispatch_request
    rv = self.dispatc
h_request()
         ^^^^^^^^^^^^
^^^^^^^^^^^
  File "C:\Users\heno
k\AppData\Local\Progr
ams\Python\Python312\
Lib\site-packages\fla
sk\app.py", line 
902, in 
dispatch_request
    return self.ensur
e_sync(self.view_func
tions[rule.endpoint])
(**view_args)  # 
type: 
ignore[no-any-return]
           ^^^^^^^^^^
^^^^^^^^^^^^^^^^^^^^^
^^^^^^^^^^^^^^^^^^^^^
^^^^^^^^^^^^^
  File "C:\Users\heno
k\OneDrive\Desktop\In
ventoty 
Tracker\src\app.py", 
line 102, in 
dashboard
    return render_tem
plate('dashboard.html
',
          ^^^^^^^^^^^
^^^^^^^^^^^^^^^^^^^^^
^
  File "C:\Users\heno
k\AppData\Local\Progr
ams\Python\Python312\
Lib\site-packages\fla
sk\templating.py", 
line 150, in 
render_template
    return 
_render(app, 
template, context)
           ^^^^^^^^^^
^^^^^^^^^^^^^^^^^^^^^
  File "C:\Users\heno
k\AppData\Local\Progr
ams\Python\Python312\
Lib\site-packages\fla
sk\templating.py", 
line 131, in _render
    rv = template.ren
der(context)
         ^^^^^^^^^^^^
^^^^^^^^^^^^
  File "C:\Users\heno
k\AppData\Local\Progr
ams\Python\Python312\
Lib\site-packages\jin
ja2\environment.py", 
line 1295, in render
    self.environment.
handle_exception()
  File "C:\Users\heno
k\AppData\Local\Progr
ams\Python\Python312\
Lib\site-packages\jin
ja2\environment.py", 
line 942, in 
handle_exception
    raise rewrite_tra
ceback_stack(source=s
ource)
  File "C:\Users\heno
k\OneDrive\Desktop\In
ventoty Tracker\src\t
emplates\dashboard.ht
ml", line 194, in 
top-level template 
code
    document.getEleme
ntById('editForm').ac
tion = "{{ 
url_for('edit_item', 
item_id='DUMMY') 
}}".replace('DUMMY', 
id);
    ^^^^^^^^^^^^^^^^^
^^^^^^^^
  File "C:\Users\heno
k\AppData\Local\Progr
ams\Python\Python312\
Lib\site-packages\fla
sk\app.py", line 
1110, in url_for
    rv = 
url_adapter.build(  
# type: 
ignore[union-attr]
         ^^^^^^^^^^^^
^^^^^^^^^^^^^^^^^^^^^
^^^^^^^^^^^^^
  File "C:\Users\heno
k\AppData\Local\Progr
ams\Python\Python312\
Lib\site-packages\wer
kzeug\routing\map.py"
, line 922, in build
    rv = self._partia
l_build(endpoint, 
values, method, 
append_unknown)
         ^^^^^^^^^^^^
^^^^^^^^^^^^^^^^^^^^^
^^^^^^^^^^^^^^^^^^^^^
^^^^^^^
  File "C:\Users\heno
k\AppData\Local\Progr
ams\Python\Python312\
Lib\site-packages\wer
kzeug\routing\map.py"
, line 814, in 
_partial_build
    build_rv = 
rule.build(values, 
append_unknown)
               ^^^^^^
^^^^^^^^^^^^^^^^^^^^^
^^^^^^^
  File "C:\Users\heno
k\AppData\Local\Progr
ams\Python\Python312\
Lib\site-packages\wer
kzeug\routing\rules.p
y", line 850, in 
build
    return self._buil
d_unknown(**values)
           ^^^^^^^^^^
^^^^^^^^^^^^^^^^^^^
  File "<werkzeug 
routing>", line 1, 
in <builder:'/edit/<i
nt:item_id>'>
  File "C:\Users\heno
k\AppData\Local\Progr
ams\Python\Python312\
Lib\site-packages\wer
kzeug\routing\convert
ers.py", line 163, 
in to_url
    value_str = str(s
elf.num_convert(value
))
                    ^
^^^^^^^^^^^^^^^^^^^^^
^
ValueError: invalid 
literal for int() 
with base 10: 'DUMMY'
.[2025-12-25 
10:47:07,415] ERROR 
in app: Exception on 
/dashboard [GET]
Traceback (most 
recent call last):
  File "C:\Users\heno
k\AppData\Local\Progr
ams\Python\Python312\
Lib\site-packages\fla
sk\app.py", line 
1511, in wsgi_app
    response = self.f
ull_dispatch_request(
)
               ^^^^^^
^^^^^^^^^^^^^^^^^^^^^
^
  File "C:\Users\heno
k\AppData\Local\Progr
ams\Python\Python312\
Lib\site-packages\fla
sk\app.py", line 
919, in 
full_dispatch_request
    rv = self.handle_
user_exception(e)
         ^^^^^^^^^^^^
^^^^^^^^^^^^^^^^^
  File "C:\Users\heno
k\AppData\Local\Progr
ams\Python\Python312\
Lib\site-packages\fla
sk\app.py", line 
917, in 
full_dispatch_request
    rv = self.dispatc
h_request()
         ^^^^^^^^^^^^
^^^^^^^^^^^
  File "C:\Users\heno
k\AppData\Local\Progr
ams\Python\Python312\
Lib\site-packages\fla
sk\app.py", line 
902, in 
dispatch_request
    return self.ensur
e_sync(self.view_func
tions[rule.endpoint])
(**view_args)  # 
type: 
ignore[no-any-return]
           ^^^^^^^^^^
^^^^^^^^^^^^^^^^^^^^^
^^^^^^^^^^^^^^^^^^^^^
^^^^^^^^^^^^^
  File "C:\Users\heno
k\OneDrive\Desktop\In
ventoty 
Tracker\src\app.py", 
line 102, in 
dashboard
    return render_tem
plate('dashboard.html
',
          ^^^^^^^^^^^
^^^^^^^^^^^^^^^^^^^^^
^
  File "C:\Users\heno
k\AppData\Local\Progr
ams\Python\Python312\
Lib\site-packages\fla
sk\templating.py", 
line 150, in 
render_template
    return 
_render(app, 
template, context)
           ^^^^^^^^^^
^^^^^^^^^^^^^^^^^^^^^
  File "C:\Users\heno
k\AppData\Local\Progr
ams\Python\Python312\
Lib\site-packages\fla
sk\templating.py", 
line 131, in _render
    rv = template.ren
der(context)
         ^^^^^^^^^^^^
^^^^^^^^^^^^
  File "C:\Users\heno
k\AppData\Local\Progr
ams\Python\Python312\
Lib\site-packages\jin
ja2\environment.py", 
line 1295, in render
    self.environment.
handle_exception()
  File "C:\Users\heno
k\AppData\Local\Progr
ams\Python\Python312\
Lib\site-packages\jin
ja2\environment.py", 
line 942, in 
handle_exception
    raise rewrite_tra
ceback_stack(source=s
ource)
  File "C:\Users\heno
k\OneDrive\Desktop\In
ventoty Tracker\src\t
emplates\dashboard.ht
ml", line 194, in 
top-level template 
code
    document.getEleme
ntById('editForm').ac
tion = "{{ 
url_for('edit_item', 
item_id='DUMMY') 
}}".replace('DUMMY', 
id);
    ^^^^^^^^^^^^^^^^^
^^^^^^^^
  File "C:\Users\heno
k\AppData\Local\Progr
ams\Python\Python312\
Lib\site-packages\fla
sk\app.py", line 
1110, in url_for
    rv = 
url_adapter.build(  
# type: 
ignore[union-attr]
         ^^^^^^^^^^^^
^^^^^^^^^^^^^^^^^^^^^
^^^^^^^^^^^^^
  File "C:\Users\heno
k\AppData\Local\Progr
ams\Python\Python312\
Lib\site-packages\wer
kzeug\routing\map.py"
, line 922, in build
    rv = self._partia
l_build(endpoint, 
values, method, 
append_unknown)
         ^^^^^^^^^^^^
^^^^^^^^^^^^^^^^^^^^^
^^^^^^^^^^^^^^^^^^^^^
^^^^^^^
  File "C:\Users\heno
k\AppData\Local\Progr
ams\Python\Python312\
Lib\site-packages\wer
kzeug\routing\map.py"
, line 814, in 
_partial_build
    build_rv = 
rule.build(values, 
append_unknown)
               ^^^^^^
^^^^^^^^^^^^^^^^^^^^^
^^^^^^^
  File "C:\Users\heno
k\AppData\Local\Progr
ams\Python\Python312\
Lib\site-packages\wer
kzeug\routing\rules.p
y", line 850, in 
build
    return self._buil
d_unknown(**values)
           ^^^^^^^^^^
^^^^^^^^^^^^^^^^^^^
  File "<werkzeug 
routing>", line 1, 
in <builder:'/edit/<i
nt:item_id>'>
  File "C:\Users\heno
k\AppData\Local\Progr
ams\Python\Python312\
Lib\site-packages\wer
kzeug\routing\convert
ers.py", line 163, 
in to_url
    value_str = str(s
elf.num_convert(value
))
                    ^
^^^^^^^^^^^^^^^^^^^^^
^
ValueError: invalid 
literal for int() 
with base 10: 'DUMMY'
[2025-12-25 
10:47:07,426] ERROR 
in app: Exception on 
/dashboard [GET]
Traceback (most 
recent call last):
  File "C:\Users\heno
k\AppData\Local\Progr
ams\Python\Python312\
Lib\site-packages\fla
sk\app.py", line 
1511, in wsgi_app
    response = self.f
ull_dispatch_request(
)
               ^^^^^^
^^^^^^^^^^^^^^^^^^^^^
^
  File "C:\Users\heno
k\AppData\Local\Progr
ams\Python\Python312\
Lib\site-packages\fla
sk\app.py", line 
919, in 
full_dispatch_request
    rv = self.handle_
user_exception(e)
         ^^^^^^^^^^^^
^^^^^^^^^^^^^^^^^
  File "C:\Users\heno
k\AppData\Local\Progr
ams\Python\Python312\
Lib\site-packages\fla
sk\app.py", line 
917, in 
full_dispatch_request
    rv = self.dispatc
h_request()
         ^^^^^^^^^^^^
^^^^^^^^^^^
  File "C:\Users\heno
k\AppData\Local\Progr
ams\Python\Python312\
Lib\site-packages\fla
sk\app.py", line 
902, in 
dispatch_request
    return self.ensur
e_sync(self.view_func
tions[rule.endpoint])
(**view_args)  # 
type: 
ignore[no-any-return]
           ^^^^^^^^^^
^^^^^^^^^^^^^^^^^^^^^
^^^^^^^^^^^^^^^^^^^^^
^^^^^^^^^^^^^
  File "C:\Users\heno
k\OneDrive\Desktop\In
ventoty 
Tracker\src\app.py", 
line 102, in 
dashboard
    return render_tem
plate('dashboard.html
',
          ^^^^^^^^^^^
^^^^^^^^^^^^^^^^^^^^^
^
  File "C:\Users\heno
k\AppData\Local\Progr
ams\Python\Python312\
Lib\site-packages\fla
sk\templating.py", 
line 150, in 
render_template
    return 
_render(app, 
template, context)
           ^^^^^^^^^^
^^^^^^^^^^^^^^^^^^^^^
  File "C:\Users\heno
k\AppData\Local\Progr
ams\Python\Python312\
Lib\site-packages\fla
sk\templating.py", 
line 131, in _render
    rv = template.ren
der(context)
         ^^^^^^^^^^^^
^^^^^^^^^^^^
  File "C:\Users\heno
k\AppData\Local\Progr
ams\Python\Python312\
Lib\site-packages\jin
ja2\environment.py", 
line 1295, in render
    self.environment.
handle_exception()
  File "C:\Users\heno
k\AppData\Local\Progr
ams\Python\Python312\
Lib\site-packages\jin
ja2\environment.py", 
line 942, in 
handle_exception
    raise rewrite_tra
ceback_stack(source=s
ource)
  File "C:\Users\heno
k\OneDrive\Desktop\In
ventoty Tracker\src\t
emplates\dashboard.ht
ml", line 194, in 
top-level template 
code
    document.getEleme
ntById('editForm').ac
tion = "{{ 
url_for('edit_item', 
item_id='DUMMY') 
}}".replace('DUMMY', 
id);
    ^^^^^^^^^^^^^^^^^
^^^^^^^^
  File "C:\Users\heno
k\AppData\Local\Progr
ams\Python\Python312\
Lib\site-packages\fla
sk\app.py", line 
1110, in url_for
    rv = 
url_adapter.build(  
# type: 
ignore[union-attr]
         ^^^^^^^^^^^^
^^^^^^^^^^^^^^^^^^^^^
^^^^^^^^^^^^^
  File "C:\Users\heno
k\AppData\Local\Progr
ams\Python\Python312\
Lib\site-packages\wer
kzeug\routing\map.py"
, line 922, in build
    rv = self._partia
l_build(endpoint, 
values, method, 
append_unknown)
         ^^^^^^^^^^^^
^^^^^^^^^^^^^^^^^^^^^
^^^^^^^^^^^^^^^^^^^^^
^^^^^^^
  File "C:\Users\heno
k\AppData\Local\Progr
ams\Python\Python312\
Lib\site-packages\wer
kzeug\routing\map.py"
, line 814, in 
_partial_build
    build_rv = 
rule.build(values, 
append_unknown)
               ^^^^^^
^^^^^^^^^^^^^^^^^^^^^
^^^^^^^
  File "C:\Users\heno
k\AppData\Local\Progr
ams\Python\Python312\
Lib\site-packages\wer
kzeug\routing\rules.p
y", line 850, in 
build
    return self._buil
d_unknown(**values)
           ^^^^^^^^^^
^^^^^^^^^^^^^^^^^^^
  File "<werkzeug 
routing>", line 1, 
in <builder:'/edit/<i
nt:item_id>'>
  File "C:\Users\heno
k\AppData\Local\Progr
ams\Python\Python312\
Lib\site-packages\wer
kzeug\routing\convert
ers.py", line 163, 
in to_url
    value_str = str(s
elf.num_convert(value
))
                    ^
^^^^^^^^^^^^^^^^^^^^^
^
ValueError: invalid 
literal for int() 
with base 10: 'DUMMY'
[2025-12-25 
10:47:07,443] ERROR 
in app: Exception on 
/dashboard [GET]
Traceback (most 
recent call last):
  File "C:\Users\heno
k\AppData\Local\Progr
ams\Python\Python312\
Lib\site-packages\fla
sk\app.py", line 
1511, in wsgi_app
    response = self.f
ull_dispatch_request(
)
               ^^^^^^
^^^^^^^^^^^^^^^^^^^^^
^
  File "C:\Users\heno
k\AppData\Local\Progr
ams\Python\Python312\
Lib\site-packages\fla
sk\app.py", line 
919, in 
full_dispatch_request
    rv = self.handle_
user_exception(e)
         ^^^^^^^^^^^^
^^^^^^^^^^^^^^^^^
  File "C:\Users\heno
k\AppData\Local\Progr
ams\Python\Python312\
Lib\site-packages\fla
sk\app.py", line 
917, in 
full_dispatch_request
    rv = self.dispatc
h_request()
         ^^^^^^^^^^^^
^^^^^^^^^^^
  File "C:\Users\heno
k\AppData\Local\Progr
ams\Python\Python312\
Lib\site-packages\fla
sk\app.py", line 
902, in 
dispatch_request
    return self.ensur
e_sync(self.view_func
tions[rule.endpoint])
(**view_args)  # 
type: 
ignore[no-any-return]
           ^^^^^^^^^^
^^^^^^^^^^^^^^^^^^^^^
^^^^^^^^^^^^^^^^^^^^^
^^^^^^^^^^^^^
  File "C:\Users\heno
k\OneDrive\Desktop\In
ventoty 
Tracker\src\app.py", 
line 102, in 
dashboard
    return render_tem
plate('dashboard.html
',
          ^^^^^^^^^^^
^^^^^^^^^^^^^^^^^^^^^
^
  File "C:\Users\heno
k\AppData\Local\Progr
ams\Python\Python312\
Lib\site-packages\fla
sk\templating.py", 
line 150, in 
render_template
    return 
_render(app, 
template, context)
           ^^^^^^^^^^
^^^^^^^^^^^^^^^^^^^^^
  File "C:\Users\heno
k\AppData\Local\Progr
ams\Python\Python312\
Lib\site-packages\fla
sk\templating.py", 
line 131, in _render
    rv = template.ren
der(context)
         ^^^^^^^^^^^^
^^^^^^^^^^^^
  File "C:\Users\heno
k\AppData\Local\Progr
ams\Python\Python312\
Lib\site-packages\jin
ja2\environment.py", 
line 1295, in render
    self.environment.
handle_exception()
  File "C:\Users\heno
k\AppData\Local\Progr
ams\Python\Python312\
Lib\site-packages\jin
ja2\environment.py", 
line 942, in 
handle_exception
    raise rewrite_tra
ceback_stack(source=s
ource)
  File "C:\Users\heno
k\OneDrive\Desktop\In
ventoty Tracker\src\t
emplates\dashboard.ht
ml", line 194, in 
top-level template 
code
    document.getEleme
ntById('editForm').ac
tion = "{{ 
url_for('edit_item', 
item_id='DUMMY') 
}}".replace('DUMMY', 
id);
    ^^^^^^^^^^^^^^^^^
^^^^^^^^
  File "C:\Users\heno
k\AppData\Local\Progr
ams\Python\Python312\
Lib\site-packages\fla
sk\app.py", line 
1110, in url_for
    rv = 
url_adapter.build(  
# type: 
ignore[union-attr]
         ^^^^^^^^^^^^
^^^^^^^^^^^^^^^^^^^^^
^^^^^^^^^^^^^
  File "C:\Users\heno
k\AppData\Local\Progr
ams\Python\Python312\
Lib\site-packages\wer
kzeug\routing\map.py"
, line 922, in build
    rv = self._partia
l_build(endpoint, 
values, method, 
append_unknown)
         ^^^^^^^^^^^^
^^^^^^^^^^^^^^^^^^^^^
^^^^^^^^^^^^^^^^^^^^^
^^^^^^^
  File "C:\Users\heno
k\AppData\Local\Progr
ams\Python\Python312\
Lib\site-packages\wer
kzeug\routing\map.py"
, line 814, in 
_partial_build
    build_rv = 
rule.build(values, 
append_unknown)
               ^^^^^^
^^^^^^^^^^^^^^^^^^^^^
^^^^^^^
  File "C:\Users\heno
k\AppData\Local\Progr
ams\Python\Python312\
Lib\site-packages\wer
kzeug\routing\rules.p
y", line 850, in 
build
    return self._buil
d_unknown(**values)
           ^^^^^^^^^^
^^^^^^^^^^^^^^^^^^^
  File "<werkzeug 
routing>", line 1, 
in <builder:'/edit/<i
nt:item_id>'>
  File "C:\Users\heno
k\AppData\Local\Progr
ams\Python\Python312\
Lib\site-packages\wer
kzeug\routing\convert
ers.py", line 163, 
in to_url
    value_str = str(s
elf.num_convert(value
))
                    ^
^^^^^^^^^^^^^^^^^^^^^
^
ValueError: invalid 
literal for int() 
with base 10: 'DUMMY'
[2025-12-25 
10:47:07,456] ERROR 
in app: Exception on 
/dashboard [GET]
Traceback (most 
recent call last):
  File "C:\Users\heno
k\AppData\Local\Progr
ams\Python\Python312\
Lib\site-packages\fla
sk\app.py", line 
1511, in wsgi_app
    response = self.f
ull_dispatch_request(
)
               ^^^^^^
^^^^^^^^^^^^^^^^^^^^^
^
  File "C:\Users\heno
k\AppData\Local\Progr
ams\Python\Python312\
Lib\site-packages\fla
sk\app.py", line 
919, in 
full_dispatch_request
    rv = self.handle_
user_exception(e)
         ^^^^^^^^^^^^
^^^^^^^^^^^^^^^^^
  File "C:\Users\heno
k\AppData\Local\Progr
ams\Python\Python312\
Lib\site-packages\fla
sk\app.py", line 
917, in 
full_dispatch_request
    rv = self.dispatc
h_request()
         ^^^^^^^^^^^^
^^^^^^^^^^^
  File "C:\Users\heno
k\AppData\Local\Progr
ams\Python\Python312\
Lib\site-packages\fla
sk\app.py", line 
902, in 
dispatch_request
    return self.ensur
e_sync(self.view_func
tions[rule.endpoint])
(**view_args)  # 
type: 
ignore[no-any-return]
           ^^^^^^^^^^
^^^^^^^^^^^^^^^^^^^^^
^^^^^^^^^^^^^^^^^^^^^
^^^^^^^^^^^^^
  File "C:\Users\heno
k\OneDrive\Desktop\In
ventoty 
Tracker\src\app.py", 
line 102, in 
dashboard
    return render_tem
plate('dashboard.html
',
          ^^^^^^^^^^^
^^^^^^^^^^^^^^^^^^^^^
^
  File "C:\Users\heno
k\AppData\Local\Progr
ams\Python\Python312\
Lib\site-packages\fla
sk\templating.py", 
line 150, in 
render_template
    return 
_render(app, 
template, context)
           ^^^^^^^^^^
^^^^^^^^^^^^^^^^^^^^^
  File "C:\Users\heno
k\AppData\Local\Progr
ams\Python\Python312\
Lib\site-packages\fla
sk\templating.py", 
line 131, in _render
    rv = template.ren
der(context)
         ^^^^^^^^^^^^
^^^^^^^^^^^^
  File "C:\Users\heno
k\AppData\Local\Progr
ams\Python\Python312\
Lib\site-packages\jin
ja2\environment.py", 
line 1295, in render
    self.environment.
handle_exception()
  File "C:\Users\heno
k\AppData\Local\Progr
ams\Python\Python312\
Lib\site-packages\jin
ja2\environment.py", 
line 942, in 
handle_exception
    raise rewrite_tra
ceback_stack(source=s
ource)
  File "C:\Users\heno
k\OneDrive\Desktop\In
ventoty Tracker\src\t
emplates\dashboard.ht
ml", line 194, in 
top-level template 
code
    document.getEleme
ntById('editForm').ac
tion = "{{ 
url_for('edit_item', 
item_id='DUMMY') 
}}".replace('DUMMY', 
id);
    ^^^^^^^^^^^^^^^^^
^^^^^^^^
  File "C:\Users\heno
k\AppData\Local\Progr
ams\Python\Python312\
Lib\site-packages\fla
sk\app.py", line 
1110, in url_for
    rv = 
url_adapter.build(  
# type: 
ignore[union-attr]
         ^^^^^^^^^^^^
^^^^^^^^^^^^^^^^^^^^^
^^^^^^^^^^^^^
  File "C:\Users\heno
k\AppData\Local\Progr
ams\Python\Python312\
Lib\site-packages\wer
kzeug\routing\map.py"
, line 922, in build
    rv = self._partia
l_build(endpoint, 
values, method, 
append_unknown)
         ^^^^^^^^^^^^
^^^^^^^^^^^^^^^^^^^^^
^^^^^^^^^^^^^^^^^^^^^
^^^^^^^
  File "C:\Users\heno
k\AppData\Local\Progr
ams\Python\Python312\
Lib\site-packages\wer
kzeug\routing\map.py"
, line 814, in 
_partial_build
    build_rv = 
rule.build(values, 
append_unknown)
               ^^^^^^
^^^^^^^^^^^^^^^^^^^^^
^^^^^^^
  File "C:\Users\heno
k\AppData\Local\Progr
ams\Python\Python312\
Lib\site-packages\wer
kzeug\routing\rules.p
y", line 850, in 
build
    return self._buil
d_unknown(**values)
           ^^^^^^^^^^
^^^^^^^^^^^^^^^^^^^
  File "<werkzeug 
routing>", line 1, 
in <builder:'/edit/<i
nt:item_id>'>
  File "C:\Users\heno
k\AppData\Local\Progr
ams\Python\Python312\
Lib\site-packages\wer
kzeug\routing\convert
ers.py", line 163, 
in to_url
    value_str = str(s
elf.num_convert(value
))
                    ^
^^^^^^^^^^^^^^^^^^^^^
^
ValueError: invalid 
literal for int() 
with base 10: 'DUMMY'
[2025-12-25 
10:47:07,467] ERROR 
in app: Exception on 
/dashboard [GET]
Traceback (most 
recent call last):
  File "C:\Users\heno
k\AppData\Local\Progr
ams\Python\Python312\
Lib\site-packages\fla
sk\app.py", line 
1511, in wsgi_app
    response = self.f
ull_dispatch_request(
)
               ^^^^^^
^^^^^^^^^^^^^^^^^^^^^
^
  File "C:\Users\heno
k\AppData\Local\Progr
ams\Python\Python312\
Lib\site-packages\fla
sk\app.py", line 
919, in 
full_dispatch_request
    rv = self.handle_
user_exception(e)
         ^^^^^^^^^^^^
^^^^^^^^^^^^^^^^^
  File "C:\Users\heno
k\AppData\Local\Progr
ams\Python\Python312\
Lib\site-packages\fla
sk\app.py", line 
917, in 
full_dispatch_request
    rv = self.dispatc
h_request()
         ^^^^^^^^^^^^
^^^^^^^^^^^
  File "C:\Users\heno
k\AppData\Local\Progr
ams\Python\Python312\
Lib\site-packages\fla
sk\app.py", line 
902, in 
dispatch_request
    return self.ensur
e_sync(self.view_func
tions[rule.endpoint])
(**view_args)  # 
type: 
ignore[no-any-return]
           ^^^^^^^^^^
^^^^^^^^^^^^^^^^^^^^^
^^^^^^^^^^^^^^^^^^^^^
^^^^^^^^^^^^^
  File "C:\Users\heno
k\OneDrive\Desktop\In
ventoty 
Tracker\src\app.py", 
line 102, in 
dashboard
    return render_tem
plate('dashboard.html
',
          ^^^^^^^^^^^
^^^^^^^^^^^^^^^^^^^^^
^
  File "C:\Users\heno
k\AppData\Local\Progr
ams\Python\Python312\
Lib\site-packages\fla
sk\templating.py", 
line 150, in 
render_template
    return 
_render(app, 
template, context)
           ^^^^^^^^^^
^^^^^^^^^^^^^^^^^^^^^
  File "C:\Users\heno
k\AppData\Local\Progr
ams\Python\Python312\
Lib\site-packages\fla
sk\templating.py", 
line 131, in _render
    rv = template.ren
der(context)
         ^^^^^^^^^^^^
^^^^^^^^^^^^
  File "C:\Users\heno
k\AppData\Local\Progr
ams\Python\Python312\
Lib\site-packages\jin
ja2\environment.py", 
line 1295, in render
    self.environment.
handle_exception()
  File "C:\Users\heno
k\AppData\Local\Progr
ams\Python\Python312\
Lib\site-packages\jin
ja2\environment.py", 
line 942, in 
handle_exception
    raise rewrite_tra
ceback_stack(source=s
ource)
  File "C:\Users\heno
k\OneDrive\Desktop\In
ventoty Tracker\src\t
emplates\dashboard.ht
ml", line 194, in 
top-level template 
code
    document.getEleme
ntById('editForm').ac
tion = "{{ 
url_for('edit_item', 
item_id='DUMMY') 
}}".replace('DUMMY', 
id);
    ^^^^^^^^^^^^^^^^^
^^^^^^^^
  File "C:\Users\heno
k\AppData\Local\Progr
ams\Python\Python312\
Lib\site-packages\fla
sk\app.py", line 
1110, in url_for
    rv = 
url_adapter.build(  
# type: 
ignore[union-attr]
         ^^^^^^^^^^^^
^^^^^^^^^^^^^^^^^^^^^
^^^^^^^^^^^^^
  File "C:\Users\heno
k\AppData\Local\Progr
ams\Python\Python312\
Lib\site-packages\wer
kzeug\routing\map.py"
, line 922, in build
    rv = self._partia
l_build(endpoint, 
values, method, 
append_unknown)
         ^^^^^^^^^^^^
^^^^^^^^^^^^^^^^^^^^^
^^^^^^^^^^^^^^^^^^^^^
^^^^^^^
  File "C:\Users\heno
k\AppData\Local\Progr
ams\Python\Python312\
Lib\site-packages\wer
kzeug\routing\map.py"
, line 814, in 
_partial_build
    build_rv = 
rule.build(values, 
append_unknown)
               ^^^^^^
^^^^^^^^^^^^^^^^^^^^^
^^^^^^^
  File "C:\Users\heno
k\AppData\Local\Progr
ams\Python\Python312\
Lib\site-packages\wer
kzeug\routing\rules.p
y", line 850, in 
build
    return self._buil
d_unknown(**values)
           ^^^^^^^^^^
^^^^^^^^^^^^^^^^^^^
  File "<werkzeug 
routing>", line 1, 
in <builder:'/edit/<i
nt:item_id>'>
  File "C:\Users\heno
k\AppData\Local\Progr
ams\Python\Python312\
Lib\site-packages\wer
kzeug\routing\convert
ers.py", line 163, 
in to_url
    value_str = str(s
elf.num_convert(value
))
                    ^
^^^^^^^^^^^^^^^^^^^^^
^
ValueError: invalid 
literal for int() 
with base 10: 'DUMMY'
F[2025-12-25 
10:47:07,489] ERROR 
in app: Exception on 
/dashboard [GET]
Traceback (most 
recent call last):
  File "C:\Users\heno
k\AppData\Local\Progr
ams\Python\Python312\
Lib\site-packages\fla
sk\app.py", line 
1511, in wsgi_app
    response = self.f
ull_dispatch_request(
)
               ^^^^^^
^^^^^^^^^^^^^^^^^^^^^
^
  File "C:\Users\heno
k\AppData\Local\Progr
ams\Python\Python312\
Lib\site-packages\fla
sk\app.py", line 
919, in 
full_dispatch_request
    rv = self.handle_
user_exception(e)
         ^^^^^^^^^^^^
^^^^^^^^^^^^^^^^^
  File "C:\Users\heno
k\AppData\Local\Progr
ams\Python\Python312\
Lib\site-packages\fla
sk\app.py", line 
917, in 
full_dispatch_request
    rv = self.dispatc
h_request()
         ^^^^^^^^^^^^
^^^^^^^^^^^
  File "C:\Users\heno
k\AppData\Local\Progr
ams\Python\Python312\
Lib\site-packages\fla
sk\app.py", line 
902, in 
dispatch_request
    return self.ensur
e_sync(self.view_func
tions[rule.endpoint])
(**view_args)  # 
type: 
ignore[no-any-return]
           ^^^^^^^^^^
^^^^^^^^^^^^^^^^^^^^^
^^^^^^^^^^^^^^^^^^^^^
^^^^^^^^^^^^^
  File "C:\Users\heno
k\OneDrive\Desktop\In
ventoty 
Tracker\src\app.py", 
line 102, in 
dashboard
    return render_tem
plate('dashboard.html
',
          ^^^^^^^^^^^
^^^^^^^^^^^^^^^^^^^^^
^
  File "C:\Users\heno
k\AppData\Local\Progr
ams\Python\Python312\
Lib\site-packages\fla
sk\templating.py", 
line 150, in 
render_template
    return 
_render(app, 
template, context)
           ^^^^^^^^^^
^^^^^^^^^^^^^^^^^^^^^
  File "C:\Users\heno
k\AppData\Local\Progr
ams\Python\Python312\
Lib\site-packages\fla
sk\templating.py", 
line 131, in _render
    rv = template.ren
der(context)
         ^^^^^^^^^^^^
^^^^^^^^^^^^
  File "C:\Users\heno
k\AppData\Local\Progr
ams\Python\Python312\
Lib\site-packages\jin
ja2\environment.py", 
line 1295, in render
    self.environment.
handle_exception()
  File "C:\Users\heno
k\AppData\Local\Progr
ams\Python\Python312\
Lib\site-packages\jin
ja2\environment.py", 
line 942, in 
handle_exception
    raise rewrite_tra
ceback_stack(source=s
ource)
  File "C:\Users\heno
k\OneDrive\Desktop\In
ventoty Tracker\src\t
emplates\dashboard.ht
ml", line 194, in 
top-level template 
code
    document.getEleme
ntById('editForm').ac
tion = "{{ 
url_for('edit_item', 
item_id='DUMMY') 
}}".replace('DUMMY', 
id);
    ^^^^^^^^^^^^^^^^^
^^^^^^^^
  File "C:\Users\heno
k\AppData\Local\Progr
ams\Python\Python312\
Lib\site-packages\fla
sk\app.py", line 
1110, in url_for
    rv = 
url_adapter.build(  
# type: 
ignore[union-attr]
         ^^^^^^^^^^^^
^^^^^^^^^^^^^^^^^^^^^
^^^^^^^^^^^^^
  File "C:\Users\heno
k\AppData\Local\Progr
ams\Python\Python312\
Lib\site-packages\wer
kzeug\routing\map.py"
, line 922, in build
    rv = self._partia
l_build(endpoint, 
values, method, 
append_unknown)
         ^^^^^^^^^^^^
^^^^^^^^^^^^^^^^^^^^^
^^^^^^^^^^^^^^^^^^^^^
^^^^^^^
  File "C:\Users\heno
k\AppData\Local\Progr
ams\Python\Python312\
Lib\site-packages\wer
kzeug\routing\map.py"
, line 814, in 
_partial_build
    build_rv = 
rule.build(values, 
append_unknown)
               ^^^^^^
^^^^^^^^^^^^^^^^^^^^^
^^^^^^^
  File "C:\Users\heno
k\AppData\Local\Progr
ams\Python\Python312\
Lib\site-packages\wer
kzeug\routing\rules.p
y", line 850, in 
build
    return self._buil
d_unknown(**values)
           ^^^^^^^^^^
^^^^^^^^^^^^^^^^^^^
  File "<werkzeug 
routing>", line 1, 
in <builder:'/edit/<i
nt:item_id>'>
  File "C:\Users\heno
k\AppData\Local\Progr
ams\Python\Python312\
Lib\site-packages\wer
kzeug\routing\convert
ers.py", line 163, 
in to_url
    value_str = str(s
elf.num_convert(value
))
                    ^
^^^^^^^^^^^^^^^^^^^^^
^
ValueError: invalid 
literal for int() 
with base 10: 'DUMMY'
F
=====================
=====================
=====================
=======
FAIL: test_cr002_sear
ch_filter (__main__.T
estInventoryTracker.t
est_cr002_search_filt
er)
CR-002: Test Search 
& Filter
---------------------
---------------------
---------------------
-------
Traceback (most 
recent call last):
  File "C:\Users\heno
k\OneDrive\Desktop\In
ventoty Tracker\tests
\test_cr_implementati
on.py", line 122, in 
test_cr002_search_fil
ter
    self.assertIn(b'A
pple', rv.data)
AssertionError: 
b'Apple' not found 
in b'<!doctype 
html>\n<html 
lang=en>\n<title>500 
Internal Server Error
</title>\n<h1>Interna
l Server 
Error</h1>\n<p>The 
server encountered 
an internal error 
and was unable to 
complete your 
request. Either the 
server is overloaded 
or there is an error 
in the 
application.</p>\n'

=====================
=====================
=====================
=======
FAIL: test_cr003_role
_access (__main__.Tes
tInventoryTracker.tes
t_cr003_role_access)
CR-003: Test Role 
Management
---------------------
---------------------
---------------------
-------
Traceback (most 
recent call last):
  File "C:\Users\heno
k\OneDrive\Desktop\In
ventoty Tracker\tests
\test_cr_implementati
on.py", line 77, in t
est_cr003_role_access
    self.assertIn(b'W
elcome', rv.data)
AssertionError: 
b'Welcome' not found 
in b'<!doctype 
html>\n<html 
lang=en>\n<title>500 
Internal Server Error
</title>\n<h1>Interna
l Server 
Error</h1>\n<p>The 
server encountered 
an internal error 
and was unable to 
complete your 
request. Either the 
server is overloaded 
or there is an error 
in the 
application.</p>\n'

---------------------
---------------------
---------------------
-------
Ran 3 tests in 0.160s

FAILED (failures=2)
